2025-11-12 13:20:17,216 - root - INFO - Loading configuration from: config.yaml
2025-11-12 13:20:17,953 - root - INFO - [Main] Setup completed in 0.73s
2025-11-12 13:20:17,953 - src.system - INFO - [System] Starting simulation: 2025-07-13 00:00:00 to 2025-07-15 23:00:00 with controller Rule-Based (simple)
2025-11-12 13:20:18,024 - src.system - INFO - [System] Simulation complete: 284 steps in 0.07s
2025-11-12 13:20:18,024 - src.system - INFO - [System] Step time stats - Avg: 0.25ms, Min: 0.14ms, Max: 0.87ms, P95: 0.31ms
2025-11-12 13:20:18,025 - root - INFO - [Main] Simulation completed in 0.07s
2025-11-12 13:20:20,387 - root - INFO - [Main] Total execution time: 3.17s
2025-11-12 13:20:50,357 - root - INFO - Loading configuration from: config.yaml
2025-11-12 13:20:51,094 - root - INFO - [Main] Setup completed in 0.73s
2025-11-12 13:20:51,094 - src.system - INFO - [System] Starting simulation: 2025-01-01 00:00:00 to 2025-07-15 23:00:00 with controller Rule-Based (simple)
2025-11-12 13:20:51,341 - src.system - INFO - [System] Progress: 1000 steps (last 1000 steps in 0.25s, avg 0.25ms/step)
2025-11-12 13:20:51,579 - src.system - INFO - [System] Progress: 2000 steps (last 1000 steps in 0.24s, avg 0.24ms/step)
2025-11-12 13:20:51,816 - src.system - INFO - [System] Progress: 3000 steps (last 1000 steps in 0.24s, avg 0.24ms/step)
2025-11-12 13:20:52,051 - src.system - INFO - [System] Progress: 4000 steps (last 1000 steps in 0.23s, avg 0.23ms/step)
2025-11-12 13:20:52,288 - src.system - INFO - [System] Progress: 5000 steps (last 1000 steps in 0.24s, avg 0.24ms/step)
2025-11-12 13:20:52,550 - src.system - INFO - [System] Progress: 6000 steps (last 1000 steps in 0.26s, avg 0.26ms/step)
2025-11-12 13:20:52,810 - src.system - INFO - [System] Progress: 7000 steps (last 1000 steps in 0.26s, avg 0.26ms/step)
2025-11-12 13:20:53,048 - src.system - INFO - [System] Progress: 8000 steps (last 1000 steps in 0.24s, avg 0.24ms/step)
2025-11-12 13:20:53,312 - src.system - INFO - [System] Progress: 9000 steps (last 1000 steps in 0.26s, avg 0.26ms/step)
2025-11-12 13:20:53,551 - src.system - INFO - [System] Progress: 10000 steps (last 1000 steps in 0.24s, avg 0.24ms/step)
2025-11-12 13:20:53,788 - src.system - INFO - [System] Progress: 11000 steps (last 1000 steps in 0.24s, avg 0.24ms/step)
2025-11-12 13:20:54,026 - src.system - INFO - [System] Progress: 12000 steps (last 1000 steps in 0.24s, avg 0.24ms/step)
2025-11-12 13:20:54,261 - src.system - INFO - [System] Progress: 13000 steps (last 1000 steps in 0.24s, avg 0.24ms/step)
2025-11-12 13:20:54,497 - src.system - INFO - [System] Progress: 14000 steps (last 1000 steps in 0.24s, avg 0.24ms/step)
2025-11-12 13:20:54,733 - src.system - INFO - [System] Progress: 15000 steps (last 1000 steps in 0.24s, avg 0.24ms/step)
2025-11-12 13:20:54,973 - src.system - INFO - [System] Progress: 16000 steps (last 1000 steps in 0.24s, avg 0.24ms/step)
2025-11-12 13:20:55,209 - src.system - INFO - [System] Progress: 17000 steps (last 1000 steps in 0.24s, avg 0.24ms/step)
2025-11-12 13:20:55,448 - src.system - INFO - [System] Progress: 18000 steps (last 1000 steps in 0.24s, avg 0.24ms/step)
2025-11-12 13:20:55,644 - src.system - INFO - [System] Simulation complete: 18812 steps in 4.55s
2025-11-12 13:20:55,644 - src.system - INFO - [System] Step time stats - Avg: 0.24ms, Min: 0.14ms, Max: 27.19ms, P95: 0.29ms
2025-11-12 13:20:55,671 - root - INFO - [Main] Simulation completed in 4.58s
2025-11-12 13:20:59,036 - root - INFO - [Main] Total execution time: 8.67s
2025-11-12 13:29:41,818 - root - INFO - Loading configuration from: config.yaml
2025-11-12 13:29:42,533 - root - INFO - [Main] Setup completed in 0.71s
2025-11-12 13:29:42,533 - src.system - INFO - [System] Starting simulation: 2025-01-01 00:00:00 to 2025-07-15 23:00:00 with controller Rule-Based (simple)
2025-11-12 13:29:42,817 - src.system - INFO - [System] Progress: 1000 steps (last 1000 steps in 0.28s, avg 0.28ms/step)
2025-11-12 13:29:43,058 - src.system - INFO - [System] Progress: 2000 steps (last 1000 steps in 0.24s, avg 0.24ms/step)
2025-11-12 13:29:43,298 - src.system - INFO - [System] Progress: 3000 steps (last 1000 steps in 0.24s, avg 0.24ms/step)
2025-11-12 13:29:43,533 - src.system - INFO - [System] Progress: 4000 steps (last 1000 steps in 0.24s, avg 0.24ms/step)
2025-11-12 13:29:43,771 - src.system - INFO - [System] Progress: 5000 steps (last 1000 steps in 0.24s, avg 0.24ms/step)
2025-11-12 13:29:44,049 - src.system - INFO - [System] Progress: 6000 steps (last 1000 steps in 0.28s, avg 0.28ms/step)
2025-11-12 13:29:44,284 - src.system - INFO - [System] Progress: 7000 steps (last 1000 steps in 0.24s, avg 0.24ms/step)
2025-11-12 13:29:44,522 - src.system - INFO - [System] Progress: 8000 steps (last 1000 steps in 0.24s, avg 0.24ms/step)
2025-11-12 13:29:44,788 - src.system - INFO - [System] Progress: 9000 steps (last 1000 steps in 0.27s, avg 0.27ms/step)
2025-11-12 13:29:45,024 - src.system - INFO - [System] Progress: 10000 steps (last 1000 steps in 0.24s, avg 0.24ms/step)
2025-11-12 13:29:45,261 - src.system - INFO - [System] Progress: 11000 steps (last 1000 steps in 0.24s, avg 0.24ms/step)
2025-11-12 13:29:45,497 - src.system - INFO - [System] Progress: 12000 steps (last 1000 steps in 0.24s, avg 0.24ms/step)
2025-11-12 13:29:45,733 - src.system - INFO - [System] Progress: 13000 steps (last 1000 steps in 0.24s, avg 0.24ms/step)
2025-11-12 13:29:45,971 - src.system - INFO - [System] Progress: 14000 steps (last 1000 steps in 0.24s, avg 0.24ms/step)
2025-11-12 13:29:46,209 - src.system - INFO - [System] Progress: 15000 steps (last 1000 steps in 0.24s, avg 0.24ms/step)
2025-11-12 13:29:46,445 - src.system - INFO - [System] Progress: 16000 steps (last 1000 steps in 0.24s, avg 0.24ms/step)
2025-11-12 13:29:46,684 - src.system - INFO - [System] Progress: 17000 steps (last 1000 steps in 0.24s, avg 0.24ms/step)
2025-11-12 13:29:46,925 - src.system - INFO - [System] Progress: 18000 steps (last 1000 steps in 0.24s, avg 0.24ms/step)
2025-11-12 13:29:47,127 - src.system - INFO - [System] Simulation complete: 18812 steps in 4.59s
2025-11-12 13:29:47,127 - src.system - INFO - [System] Step time stats - Avg: 0.24ms, Min: 0.14ms, Max: 27.42ms, P95: 0.29ms
2025-11-12 13:29:47,154 - root - INFO - [Main] Simulation completed in 4.62s
2025-11-12 13:29:50,638 - root - INFO - [Main] Total execution time: 8.82s
2025-11-12 13:36:11,305 - root - INFO - Loading configuration from: config.yaml
2025-11-12 13:36:12,018 - root - INFO - [Main] Setup completed in 0.71s
2025-11-12 13:36:12,018 - src.system - INFO - [System] Starting simulation: 2025-01-01 00:00:00 to 2025-07-15 23:00:00 with controller Rule-Based (simple)
2025-11-12 13:36:12,302 - src.system - INFO - [System] Progress: 1000 steps (last 1000 steps in 0.28s, avg 0.28ms/step)
2025-11-12 13:36:12,542 - src.system - INFO - [System] Progress: 2000 steps (last 1000 steps in 0.24s, avg 0.24ms/step)
2025-11-12 13:36:12,779 - src.system - INFO - [System] Progress: 3000 steps (last 1000 steps in 0.24s, avg 0.24ms/step)
2025-11-12 13:36:13,018 - src.system - INFO - [System] Progress: 4000 steps (last 1000 steps in 0.24s, avg 0.24ms/step)
2025-11-12 13:36:13,255 - src.system - INFO - [System] Progress: 5000 steps (last 1000 steps in 0.24s, avg 0.24ms/step)
2025-11-12 13:36:13,494 - src.system - INFO - [System] Progress: 6000 steps (last 1000 steps in 0.24s, avg 0.24ms/step)
2025-11-12 13:36:13,730 - src.system - INFO - [System] Progress: 7000 steps (last 1000 steps in 0.24s, avg 0.24ms/step)
2025-11-12 13:36:13,965 - src.system - INFO - [System] Progress: 8000 steps (last 1000 steps in 0.24s, avg 0.24ms/step)
2025-11-12 13:36:14,228 - src.system - INFO - [System] Progress: 9000 steps (last 1000 steps in 0.26s, avg 0.26ms/step)
2025-11-12 13:36:14,470 - src.system - INFO - [System] Progress: 10000 steps (last 1000 steps in 0.24s, avg 0.24ms/step)
2025-11-12 13:36:14,717 - src.system - INFO - [System] Progress: 11000 steps (last 1000 steps in 0.25s, avg 0.25ms/step)
2025-11-12 13:36:14,965 - src.system - INFO - [System] Progress: 12000 steps (last 1000 steps in 0.25s, avg 0.25ms/step)
2025-11-12 13:36:15,208 - src.system - INFO - [System] Progress: 13000 steps (last 1000 steps in 0.24s, avg 0.24ms/step)
2025-11-12 13:36:15,447 - src.system - INFO - [System] Progress: 14000 steps (last 1000 steps in 0.24s, avg 0.24ms/step)
2025-11-12 13:36:15,684 - src.system - INFO - [System] Progress: 15000 steps (last 1000 steps in 0.24s, avg 0.24ms/step)
2025-11-12 13:36:15,920 - src.system - INFO - [System] Progress: 16000 steps (last 1000 steps in 0.24s, avg 0.24ms/step)
2025-11-12 13:36:16,157 - src.system - INFO - [System] Progress: 17000 steps (last 1000 steps in 0.24s, avg 0.24ms/step)
2025-11-12 13:36:16,393 - src.system - INFO - [System] Progress: 18000 steps (last 1000 steps in 0.24s, avg 0.24ms/step)
2025-11-12 13:36:16,588 - src.system - INFO - [System] Simulation complete: 18812 steps in 4.57s
2025-11-12 13:36:16,588 - src.system - INFO - [System] Step time stats - Avg: 0.24ms, Min: 0.14ms, Max: 26.61ms, P95: 0.29ms
2025-11-12 13:36:16,615 - root - INFO - [Main] Simulation completed in 4.60s
2025-11-12 13:36:20,085 - root - INFO - [Main] Total execution time: 8.78s
2025-11-12 13:37:09,306 - root - INFO - Loading configuration from: config.yaml
2025-11-12 13:37:10,041 - root - INFO - [Main] Setup completed in 0.73s
2025-11-12 13:37:10,041 - src.system - INFO - [System] Starting simulation: 2025-01-01 00:00:00 to 2025-07-15 23:00:00 with controller Rule-Based (simple)
2025-11-12 13:37:10,282 - src.system - INFO - [System] Progress: 1000 steps (last 1000 steps in 0.24s, avg 0.24ms/step)
2025-11-12 13:37:10,518 - src.system - INFO - [System] Progress: 2000 steps (last 1000 steps in 0.24s, avg 0.24ms/step)
2025-11-12 13:37:10,756 - src.system - INFO - [System] Progress: 3000 steps (last 1000 steps in 0.24s, avg 0.24ms/step)
2025-11-12 13:37:10,994 - src.system - INFO - [System] Progress: 4000 steps (last 1000 steps in 0.24s, avg 0.24ms/step)
2025-11-12 13:37:11,256 - src.system - INFO - [System] Progress: 5000 steps (last 1000 steps in 0.26s, avg 0.26ms/step)
2025-11-12 13:37:11,495 - src.system - INFO - [System] Progress: 6000 steps (last 1000 steps in 0.24s, avg 0.24ms/step)
2025-11-12 13:37:11,732 - src.system - INFO - [System] Progress: 7000 steps (last 1000 steps in 0.24s, avg 0.24ms/step)
2025-11-12 13:37:11,967 - src.system - INFO - [System] Progress: 8000 steps (last 1000 steps in 0.23s, avg 0.23ms/step)
2025-11-12 13:37:12,210 - src.system - INFO - [System] Progress: 9000 steps (last 1000 steps in 0.24s, avg 0.24ms/step)
2025-11-12 13:37:12,450 - src.system - INFO - [System] Progress: 10000 steps (last 1000 steps in 0.24s, avg 0.24ms/step)
2025-11-12 13:37:12,694 - src.system - INFO - [System] Progress: 11000 steps (last 1000 steps in 0.24s, avg 0.24ms/step)
2025-11-12 13:37:12,989 - src.system - INFO - [System] Progress: 12000 steps (last 1000 steps in 0.29s, avg 0.29ms/step)
2025-11-12 13:37:13,234 - src.system - INFO - [System] Progress: 13000 steps (last 1000 steps in 0.24s, avg 0.24ms/step)
2025-11-12 13:37:13,470 - src.system - INFO - [System] Progress: 14000 steps (last 1000 steps in 0.24s, avg 0.24ms/step)
2025-11-12 13:37:13,703 - src.system - INFO - [System] Progress: 15000 steps (last 1000 steps in 0.23s, avg 0.23ms/step)
2025-11-12 13:37:13,937 - src.system - INFO - [System] Progress: 16000 steps (last 1000 steps in 0.23s, avg 0.23ms/step)
2025-11-12 13:37:14,171 - src.system - INFO - [System] Progress: 17000 steps (last 1000 steps in 0.23s, avg 0.23ms/step)
2025-11-12 13:37:14,404 - src.system - INFO - [System] Progress: 18000 steps (last 1000 steps in 0.23s, avg 0.23ms/step)
2025-11-12 13:37:14,596 - src.system - INFO - [System] Simulation complete: 18812 steps in 4.55s
2025-11-12 13:37:14,596 - src.system - INFO - [System] Step time stats - Avg: 0.24ms, Min: 0.14ms, Max: 25.67ms, P95: 0.28ms
2025-11-12 13:37:14,623 - root - INFO - [Main] Simulation completed in 4.58s
2025-11-12 13:37:18,025 - root - INFO - [Main] Total execution time: 8.71s
2025-11-12 13:38:56,506 - root - INFO - Loading configuration from: config.yaml
2025-11-12 13:38:57,226 - root - INFO - [Main] Setup completed in 0.72s
2025-11-12 13:38:57,226 - src.system - INFO - [System] Starting simulation: 2025-01-01 00:00:00 to 2025-07-15 23:00:00 with controller Rule-Based (simple)
2025-11-12 13:38:57,470 - src.system - INFO - [System] Progress: 1000 steps (last 1000 steps in 0.24s, avg 0.24ms/step)
2025-11-12 13:38:57,713 - src.system - INFO - [System] Progress: 2000 steps (last 1000 steps in 0.24s, avg 0.24ms/step)
2025-11-12 13:38:57,951 - src.system - INFO - [System] Progress: 3000 steps (last 1000 steps in 0.24s, avg 0.24ms/step)
2025-11-12 13:38:58,191 - src.system - INFO - [System] Progress: 4000 steps (last 1000 steps in 0.24s, avg 0.24ms/step)
2025-11-12 13:38:58,435 - src.system - INFO - [System] Progress: 5000 steps (last 1000 steps in 0.24s, avg 0.24ms/step)
2025-11-12 13:38:58,674 - src.system - INFO - [System] Progress: 6000 steps (last 1000 steps in 0.24s, avg 0.24ms/step)
2025-11-12 13:38:58,909 - src.system - INFO - [System] Progress: 7000 steps (last 1000 steps in 0.23s, avg 0.23ms/step)
2025-11-12 13:38:59,148 - src.system - INFO - [System] Progress: 8000 steps (last 1000 steps in 0.24s, avg 0.24ms/step)
2025-11-12 13:38:59,414 - src.system - INFO - [System] Progress: 9000 steps (last 1000 steps in 0.27s, avg 0.27ms/step)
2025-11-12 13:38:59,651 - src.system - INFO - [System] Progress: 10000 steps (last 1000 steps in 0.24s, avg 0.24ms/step)
2025-11-12 13:38:59,888 - src.system - INFO - [System] Progress: 11000 steps (last 1000 steps in 0.24s, avg 0.24ms/step)
2025-11-12 13:39:00,128 - src.system - INFO - [System] Progress: 12000 steps (last 1000 steps in 0.24s, avg 0.24ms/step)
2025-11-12 13:39:00,400 - src.system - INFO - [System] Progress: 13000 steps (last 1000 steps in 0.27s, avg 0.27ms/step)
2025-11-12 13:39:00,638 - src.system - INFO - [System] Progress: 14000 steps (last 1000 steps in 0.24s, avg 0.24ms/step)
2025-11-12 13:39:00,876 - src.system - INFO - [System] Progress: 15000 steps (last 1000 steps in 0.24s, avg 0.24ms/step)
2025-11-12 13:39:01,162 - src.system - INFO - [System] Progress: 16000 steps (last 1000 steps in 0.29s, avg 0.29ms/step)
2025-11-12 13:39:01,403 - src.system - INFO - [System] Progress: 17000 steps (last 1000 steps in 0.24s, avg 0.24ms/step)
2025-11-12 13:39:01,644 - src.system - INFO - [System] Progress: 18000 steps (last 1000 steps in 0.24s, avg 0.24ms/step)
2025-11-12 13:39:01,844 - src.system - INFO - [System] Simulation complete: 18812 steps in 4.62s
2025-11-12 13:39:01,844 - src.system - INFO - [System] Step time stats - Avg: 0.24ms, Min: 0.14ms, Max: 26.75ms, P95: 0.29ms
2025-11-12 13:39:01,873 - root - INFO - [Main] Simulation completed in 4.65s
2025-11-12 13:39:05,337 - root - INFO - [Main] Total execution time: 8.83s
2025-11-12 13:41:31,171 - root - INFO - Loading configuration from: config.yaml
2025-11-12 13:41:31,899 - root - INFO - [Main] Setup completed in 0.72s
2025-11-12 13:41:31,900 - src.system - INFO - [System] Starting simulation: 2025-01-01 00:00:00 to 2025-09-15 23:00:00 with controller Rule-Based (simple)
2025-11-12 13:41:32,142 - src.system - INFO - [System] Progress: 1000 steps (last 1000 steps in 0.24s, avg 0.24ms/step)
2025-11-12 13:41:32,384 - src.system - INFO - [System] Progress: 2000 steps (last 1000 steps in 0.24s, avg 0.24ms/step)
2025-11-12 13:41:32,664 - src.system - INFO - [System] Progress: 3000 steps (last 1000 steps in 0.28s, avg 0.28ms/step)
2025-11-12 13:41:32,909 - src.system - INFO - [System] Progress: 4000 steps (last 1000 steps in 0.24s, avg 0.24ms/step)
2025-11-12 13:41:33,189 - src.system - INFO - [System] Progress: 5000 steps (last 1000 steps in 0.28s, avg 0.28ms/step)
2025-11-12 13:41:33,496 - src.system - INFO - [System] Progress: 6000 steps (last 1000 steps in 0.31s, avg 0.31ms/step)
2025-11-12 13:41:33,750 - src.system - INFO - [System] Progress: 7000 steps (last 1000 steps in 0.25s, avg 0.25ms/step)
2025-11-12 13:41:34,003 - src.system - INFO - [System] Progress: 8000 steps (last 1000 steps in 0.25s, avg 0.25ms/step)
2025-11-12 13:41:34,248 - src.system - INFO - [System] Progress: 9000 steps (last 1000 steps in 0.25s, avg 0.25ms/step)
2025-11-12 13:41:34,492 - src.system - INFO - [System] Progress: 10000 steps (last 1000 steps in 0.24s, avg 0.24ms/step)
2025-11-12 13:41:34,732 - src.system - INFO - [System] Progress: 11000 steps (last 1000 steps in 0.24s, avg 0.24ms/step)
2025-11-12 13:41:34,974 - src.system - INFO - [System] Progress: 12000 steps (last 1000 steps in 0.24s, avg 0.24ms/step)
2025-11-12 13:41:35,265 - src.system - INFO - [System] Progress: 13000 steps (last 1000 steps in 0.29s, avg 0.29ms/step)
2025-11-12 13:41:35,510 - src.system - INFO - [System] Progress: 14000 steps (last 1000 steps in 0.25s, avg 0.25ms/step)
2025-11-12 13:41:35,752 - src.system - INFO - [System] Progress: 15000 steps (last 1000 steps in 0.24s, avg 0.24ms/step)
2025-11-12 13:41:35,991 - src.system - INFO - [System] Progress: 16000 steps (last 1000 steps in 0.24s, avg 0.24ms/step)
2025-11-12 13:41:36,233 - src.system - INFO - [System] Progress: 17000 steps (last 1000 steps in 0.24s, avg 0.24ms/step)
2025-11-12 13:41:36,474 - src.system - INFO - [System] Progress: 18000 steps (last 1000 steps in 0.24s, avg 0.24ms/step)
2025-11-12 13:41:36,719 - src.system - INFO - [System] Progress: 19000 steps (last 1000 steps in 0.25s, avg 0.25ms/step)
2025-11-12 13:41:36,959 - src.system - INFO - [System] Progress: 20000 steps (last 1000 steps in 0.24s, avg 0.24ms/step)
2025-11-12 13:41:37,215 - src.system - INFO - [System] Progress: 21000 steps (last 1000 steps in 0.26s, avg 0.26ms/step)
2025-11-12 13:41:37,502 - src.system - INFO - [System] Progress: 22000 steps (last 1000 steps in 0.29s, avg 0.29ms/step)
2025-11-12 13:41:37,741 - src.system - INFO - [System] Progress: 23000 steps (last 1000 steps in 0.24s, avg 0.24ms/step)
2025-11-12 13:41:37,983 - src.system - INFO - [System] Progress: 24000 steps (last 1000 steps in 0.24s, avg 0.24ms/step)
2025-11-12 13:41:38,175 - src.system - INFO - [System] Simulation complete: 24764 steps in 6.27s
2025-11-12 13:41:38,175 - src.system - INFO - [System] Step time stats - Avg: 0.25ms, Min: 0.14ms, Max: 31.78ms, P95: 0.31ms
2025-11-12 13:41:38,212 - root - INFO - [Main] Simulation completed in 6.31s
2025-11-12 13:41:41,997 - root - INFO - [Main] Total execution time: 10.82s
2025-11-12 13:43:05,218 - root - INFO - Loading configuration from: config.yaml
2025-11-12 13:43:05,945 - root - INFO - [Main] Setup completed in 0.72s
2025-11-12 13:43:05,945 - src.system - INFO - [System] Starting simulation: 2025-01-01 00:00:00 to 2025-09-15 23:00:00 with controller Rule-Based (simple)
2025-11-12 13:43:06,233 - src.system - INFO - [System] Progress: 1000 steps (last 1000 steps in 0.29s, avg 0.29ms/step)
2025-11-12 13:43:06,474 - src.system - INFO - [System] Progress: 2000 steps (last 1000 steps in 0.24s, avg 0.24ms/step)
2025-11-12 13:43:06,712 - src.system - INFO - [System] Progress: 3000 steps (last 1000 steps in 0.24s, avg 0.24ms/step)
2025-11-12 13:43:06,950 - src.system - INFO - [System] Progress: 4000 steps (last 1000 steps in 0.24s, avg 0.24ms/step)
2025-11-12 13:43:07,186 - src.system - INFO - [System] Progress: 5000 steps (last 1000 steps in 0.24s, avg 0.24ms/step)
2025-11-12 13:43:07,424 - src.system - INFO - [System] Progress: 6000 steps (last 1000 steps in 0.24s, avg 0.24ms/step)
2025-11-12 13:43:07,660 - src.system - INFO - [System] Progress: 7000 steps (last 1000 steps in 0.24s, avg 0.24ms/step)
2025-11-12 13:43:07,897 - src.system - INFO - [System] Progress: 8000 steps (last 1000 steps in 0.24s, avg 0.24ms/step)
2025-11-12 13:43:08,162 - src.system - INFO - [System] Progress: 9000 steps (last 1000 steps in 0.26s, avg 0.26ms/step)
2025-11-12 13:43:08,401 - src.system - INFO - [System] Progress: 10000 steps (last 1000 steps in 0.24s, avg 0.24ms/step)
2025-11-12 13:43:08,638 - src.system - INFO - [System] Progress: 11000 steps (last 1000 steps in 0.24s, avg 0.24ms/step)
2025-11-12 13:43:08,879 - src.system - INFO - [System] Progress: 12000 steps (last 1000 steps in 0.24s, avg 0.24ms/step)
2025-11-12 13:43:09,117 - src.system - INFO - [System] Progress: 13000 steps (last 1000 steps in 0.24s, avg 0.24ms/step)
2025-11-12 13:43:09,351 - src.system - INFO - [System] Progress: 14000 steps (last 1000 steps in 0.23s, avg 0.23ms/step)
2025-11-12 13:43:09,586 - src.system - INFO - [System] Progress: 15000 steps (last 1000 steps in 0.23s, avg 0.23ms/step)
2025-11-12 13:43:09,822 - src.system - INFO - [System] Progress: 16000 steps (last 1000 steps in 0.24s, avg 0.24ms/step)
2025-11-12 13:43:10,057 - src.system - INFO - [System] Progress: 17000 steps (last 1000 steps in 0.24s, avg 0.24ms/step)
2025-11-12 13:43:10,293 - src.system - INFO - [System] Progress: 18000 steps (last 1000 steps in 0.24s, avg 0.24ms/step)
2025-11-12 13:43:10,531 - src.system - INFO - [System] Progress: 19000 steps (last 1000 steps in 0.24s, avg 0.24ms/step)
2025-11-12 13:43:10,775 - src.system - INFO - [System] Progress: 20000 steps (last 1000 steps in 0.24s, avg 0.24ms/step)
2025-11-12 13:43:11,026 - src.system - INFO - [System] Progress: 21000 steps (last 1000 steps in 0.25s, avg 0.25ms/step)
2025-11-12 13:43:11,279 - src.system - INFO - [System] Progress: 22000 steps (last 1000 steps in 0.25s, avg 0.25ms/step)
2025-11-12 13:43:11,520 - src.system - INFO - [System] Progress: 23000 steps (last 1000 steps in 0.24s, avg 0.24ms/step)
2025-11-12 13:43:11,803 - src.system - INFO - [System] Progress: 24000 steps (last 1000 steps in 0.28s, avg 0.28ms/step)
2025-11-12 13:43:11,987 - src.system - INFO - [System] Simulation complete: 24764 steps in 6.04s
2025-11-12 13:43:11,987 - src.system - INFO - [System] Step time stats - Avg: 0.24ms, Min: 0.14ms, Max: 26.53ms, P95: 0.29ms
2025-11-12 13:43:12,023 - root - INFO - [Main] Simulation completed in 6.08s
2025-11-12 13:43:15,794 - root - INFO - [Main] Total execution time: 10.57s
2025-11-12 13:47:59,739 - root - INFO - Loading configuration from: config.yaml
2025-11-12 13:48:00,454 - root - INFO - [Main] Setup completed in 0.71s
2025-11-12 13:48:00,454 - src.system - INFO - [System] Starting simulation: 2025-01-01 00:00:00 to 2025-09-15 23:00:00 with controller Rule-Based (simple)
2025-11-12 13:48:00,739 - src.system - INFO - [System] Progress: 1000 steps (last 1000 steps in 0.29s, avg 0.29ms/step)
2025-11-12 13:48:01,016 - src.system - INFO - [System] Progress: 2000 steps (last 1000 steps in 0.28s, avg 0.28ms/step)
2025-11-12 13:48:01,254 - src.system - INFO - [System] Progress: 3000 steps (last 1000 steps in 0.24s, avg 0.24ms/step)
2025-11-12 13:48:01,492 - src.system - INFO - [System] Progress: 4000 steps (last 1000 steps in 0.24s, avg 0.24ms/step)
2025-11-12 13:48:01,729 - src.system - INFO - [System] Progress: 5000 steps (last 1000 steps in 0.24s, avg 0.24ms/step)
2025-11-12 13:48:01,965 - src.system - INFO - [System] Progress: 6000 steps (last 1000 steps in 0.24s, avg 0.24ms/step)
2025-11-12 13:48:02,199 - src.system - INFO - [System] Progress: 7000 steps (last 1000 steps in 0.23s, avg 0.23ms/step)
2025-11-12 13:48:02,431 - src.system - INFO - [System] Progress: 8000 steps (last 1000 steps in 0.23s, avg 0.23ms/step)
2025-11-12 13:48:02,700 - src.system - INFO - [System] Progress: 9000 steps (last 1000 steps in 0.27s, avg 0.27ms/step)
2025-11-12 13:48:02,936 - src.system - INFO - [System] Progress: 10000 steps (last 1000 steps in 0.24s, avg 0.24ms/step)
2025-11-12 13:48:03,173 - src.system - INFO - [System] Progress: 11000 steps (last 1000 steps in 0.24s, avg 0.24ms/step)
2025-11-12 13:48:03,412 - src.system - INFO - [System] Progress: 12000 steps (last 1000 steps in 0.24s, avg 0.24ms/step)
2025-11-12 13:48:03,652 - src.system - INFO - [System] Progress: 13000 steps (last 1000 steps in 0.24s, avg 0.24ms/step)
2025-11-12 13:48:03,889 - src.system - INFO - [System] Progress: 14000 steps (last 1000 steps in 0.24s, avg 0.24ms/step)
2025-11-12 13:48:04,121 - src.system - INFO - [System] Progress: 15000 steps (last 1000 steps in 0.23s, avg 0.23ms/step)
2025-11-12 13:48:04,353 - src.system - INFO - [System] Progress: 16000 steps (last 1000 steps in 0.23s, avg 0.23ms/step)
2025-11-12 13:48:04,585 - src.system - INFO - [System] Progress: 17000 steps (last 1000 steps in 0.23s, avg 0.23ms/step)
2025-11-12 13:48:04,822 - src.system - INFO - [System] Progress: 18000 steps (last 1000 steps in 0.24s, avg 0.24ms/step)
2025-11-12 13:48:05,054 - src.system - INFO - [System] Progress: 19000 steps (last 1000 steps in 0.23s, avg 0.23ms/step)
2025-11-12 13:48:05,301 - src.system - INFO - [System] Progress: 20000 steps (last 1000 steps in 0.25s, avg 0.25ms/step)
2025-11-12 13:48:05,551 - src.system - INFO - [System] Progress: 21000 steps (last 1000 steps in 0.25s, avg 0.25ms/step)
2025-11-12 13:48:05,790 - src.system - INFO - [System] Progress: 22000 steps (last 1000 steps in 0.24s, avg 0.24ms/step)
2025-11-12 13:48:06,072 - src.system - INFO - [System] Progress: 23000 steps (last 1000 steps in 0.28s, avg 0.28ms/step)
2025-11-12 13:48:06,314 - src.system - INFO - [System] Progress: 24000 steps (last 1000 steps in 0.24s, avg 0.24ms/step)
2025-11-12 13:48:06,498 - src.system - INFO - [System] Simulation complete: 24764 steps in 6.04s
2025-11-12 13:48:06,499 - src.system - INFO - [System] Step time stats - Avg: 0.24ms, Min: 0.14ms, Max: 26.97ms, P95: 0.29ms
2025-11-12 13:48:06,535 - root - INFO - [Main] Simulation completed in 6.08s
2025-11-12 13:48:10,306 - root - INFO - [Main] Total execution time: 10.56s
2025-11-12 13:51:13,178 - root - INFO - Loading configuration from: config.yaml
2025-11-12 13:51:13,899 - root - INFO - [Main] Setup completed in 0.72s
2025-11-12 13:51:13,899 - src.system - INFO - [System] Starting simulation: 2025-01-01 00:00:00 to 2025-09-15 23:00:00 with controller Rule-Based (simple)
2025-11-12 13:51:14,182 - src.system - INFO - [System] Progress: 1000 steps (last 1000 steps in 0.28s, avg 0.28ms/step)
2025-11-12 13:51:14,421 - src.system - INFO - [System] Progress: 2000 steps (last 1000 steps in 0.24s, avg 0.24ms/step)
2025-11-12 13:51:14,653 - src.system - INFO - [System] Progress: 3000 steps (last 1000 steps in 0.23s, avg 0.23ms/step)
2025-11-12 13:51:14,892 - src.system - INFO - [System] Progress: 4000 steps (last 1000 steps in 0.24s, avg 0.24ms/step)
2025-11-12 13:51:15,127 - src.system - INFO - [System] Progress: 5000 steps (last 1000 steps in 0.23s, avg 0.23ms/step)
2025-11-12 13:51:15,364 - src.system - INFO - [System] Progress: 6000 steps (last 1000 steps in 0.24s, avg 0.24ms/step)
2025-11-12 13:51:15,597 - src.system - INFO - [System] Progress: 7000 steps (last 1000 steps in 0.23s, avg 0.23ms/step)
2025-11-12 13:51:15,829 - src.system - INFO - [System] Progress: 8000 steps (last 1000 steps in 0.23s, avg 0.23ms/step)
2025-11-12 13:51:16,089 - src.system - INFO - [System] Progress: 9000 steps (last 1000 steps in 0.26s, avg 0.26ms/step)
2025-11-12 13:51:16,322 - src.system - INFO - [System] Progress: 10000 steps (last 1000 steps in 0.23s, avg 0.23ms/step)
2025-11-12 13:51:16,554 - src.system - INFO - [System] Progress: 11000 steps (last 1000 steps in 0.23s, avg 0.23ms/step)
2025-11-12 13:51:16,784 - src.system - INFO - [System] Progress: 12000 steps (last 1000 steps in 0.23s, avg 0.23ms/step)
2025-11-12 13:51:17,015 - src.system - INFO - [System] Progress: 13000 steps (last 1000 steps in 0.23s, avg 0.23ms/step)
2025-11-12 13:51:17,246 - src.system - INFO - [System] Progress: 14000 steps (last 1000 steps in 0.23s, avg 0.23ms/step)
2025-11-12 13:51:17,476 - src.system - INFO - [System] Progress: 15000 steps (last 1000 steps in 0.23s, avg 0.23ms/step)
2025-11-12 13:51:17,707 - src.system - INFO - [System] Progress: 16000 steps (last 1000 steps in 0.23s, avg 0.23ms/step)
2025-11-12 13:51:17,938 - src.system - INFO - [System] Progress: 17000 steps (last 1000 steps in 0.23s, avg 0.23ms/step)
2025-11-12 13:51:18,172 - src.system - INFO - [System] Progress: 18000 steps (last 1000 steps in 0.23s, avg 0.23ms/step)
2025-11-12 13:51:18,409 - src.system - INFO - [System] Progress: 19000 steps (last 1000 steps in 0.24s, avg 0.24ms/step)
2025-11-12 13:51:18,646 - src.system - INFO - [System] Progress: 20000 steps (last 1000 steps in 0.24s, avg 0.24ms/step)
2025-11-12 13:51:18,893 - src.system - INFO - [System] Progress: 21000 steps (last 1000 steps in 0.25s, avg 0.25ms/step)
2025-11-12 13:51:19,140 - src.system - INFO - [System] Progress: 22000 steps (last 1000 steps in 0.25s, avg 0.25ms/step)
2025-11-12 13:51:19,381 - src.system - INFO - [System] Progress: 23000 steps (last 1000 steps in 0.24s, avg 0.24ms/step)
2025-11-12 13:51:19,661 - src.system - INFO - [System] Progress: 24000 steps (last 1000 steps in 0.28s, avg 0.28ms/step)
2025-11-12 13:51:19,843 - src.system - INFO - [System] Simulation complete: 24764 steps in 5.94s
2025-11-12 13:51:19,843 - src.system - INFO - [System] Step time stats - Avg: 0.24ms, Min: 0.14ms, Max: 26.28ms, P95: 0.28ms
2025-11-12 13:51:19,878 - root - INFO - [Main] Simulation completed in 5.98s
2025-11-12 13:51:23,569 - root - INFO - [Main] Total execution time: 10.39s
2025-11-12 13:55:02,516 - root - INFO - Loading configuration from: config.yaml
2025-11-12 13:55:03,241 - root - INFO - [Main] Setup completed in 0.72s
2025-11-12 13:55:03,241 - src.system - INFO - [System] Starting simulation: 2025-01-01 00:00:00 to 2025-09-15 23:00:00 with controller Rule-Based (simple)
2025-11-12 13:55:03,523 - src.system - INFO - [System] Progress: 1000 steps (last 1000 steps in 0.28s, avg 0.28ms/step)
2025-11-12 13:55:03,769 - src.system - INFO - [System] Progress: 2000 steps (last 1000 steps in 0.25s, avg 0.25ms/step)
2025-11-12 13:55:04,009 - src.system - INFO - [System] Progress: 3000 steps (last 1000 steps in 0.24s, avg 0.24ms/step)
2025-11-12 13:55:04,251 - src.system - INFO - [System] Progress: 4000 steps (last 1000 steps in 0.24s, avg 0.24ms/step)
2025-11-12 13:55:04,491 - src.system - INFO - [System] Progress: 5000 steps (last 1000 steps in 0.24s, avg 0.24ms/step)
2025-11-12 13:55:04,734 - src.system - INFO - [System] Progress: 6000 steps (last 1000 steps in 0.24s, avg 0.24ms/step)
2025-11-12 13:55:04,972 - src.system - INFO - [System] Progress: 7000 steps (last 1000 steps in 0.24s, avg 0.24ms/step)
2025-11-12 13:55:05,210 - src.system - INFO - [System] Progress: 8000 steps (last 1000 steps in 0.24s, avg 0.24ms/step)
2025-11-12 13:55:05,481 - src.system - INFO - [System] Progress: 9000 steps (last 1000 steps in 0.27s, avg 0.27ms/step)
2025-11-12 13:55:05,727 - src.system - INFO - [System] Progress: 10000 steps (last 1000 steps in 0.25s, avg 0.25ms/step)
2025-11-12 13:55:05,974 - src.system - INFO - [System] Progress: 11000 steps (last 1000 steps in 0.25s, avg 0.25ms/step)
2025-11-12 13:55:06,222 - src.system - INFO - [System] Progress: 12000 steps (last 1000 steps in 0.25s, avg 0.25ms/step)
2025-11-12 13:55:06,466 - src.system - INFO - [System] Progress: 13000 steps (last 1000 steps in 0.24s, avg 0.24ms/step)
2025-11-12 13:55:06,706 - src.system - INFO - [System] Progress: 14000 steps (last 1000 steps in 0.24s, avg 0.24ms/step)
2025-11-12 13:55:06,994 - src.system - INFO - [System] Progress: 15000 steps (last 1000 steps in 0.29s, avg 0.29ms/step)
2025-11-12 13:55:07,242 - src.system - INFO - [System] Progress: 16000 steps (last 1000 steps in 0.25s, avg 0.25ms/step)
2025-11-12 13:55:07,488 - src.system - INFO - [System] Progress: 17000 steps (last 1000 steps in 0.25s, avg 0.25ms/step)
2025-11-12 13:55:07,735 - src.system - INFO - [System] Progress: 18000 steps (last 1000 steps in 0.25s, avg 0.25ms/step)
2025-11-12 13:55:07,984 - src.system - INFO - [System] Progress: 19000 steps (last 1000 steps in 0.25s, avg 0.25ms/step)
2025-11-12 13:55:08,229 - src.system - INFO - [System] Progress: 20000 steps (last 1000 steps in 0.24s, avg 0.24ms/step)
2025-11-12 13:55:08,474 - src.system - INFO - [System] Progress: 21000 steps (last 1000 steps in 0.25s, avg 0.25ms/step)
2025-11-12 13:55:08,727 - src.system - INFO - [System] Progress: 22000 steps (last 1000 steps in 0.25s, avg 0.25ms/step)
2025-11-12 13:55:08,975 - src.system - INFO - [System] Progress: 23000 steps (last 1000 steps in 0.25s, avg 0.25ms/step)
2025-11-12 13:55:09,279 - src.system - INFO - [System] Progress: 24000 steps (last 1000 steps in 0.30s, avg 0.30ms/step)
2025-11-12 13:55:09,469 - src.system - INFO - [System] Simulation complete: 24764 steps in 6.23s
2025-11-12 13:55:09,469 - src.system - INFO - [System] Step time stats - Avg: 0.25ms, Min: 0.14ms, Max: 28.24ms, P95: 0.32ms
2025-11-12 13:55:09,505 - root - INFO - [Main] Simulation completed in 6.26s
2025-11-12 13:55:13,312 - root - INFO - [Main] Total execution time: 10.79s
2025-11-12 14:00:08,640 - root - INFO - Loading configuration from: config.yaml
2025-11-12 14:00:09,343 - root - INFO - [Main] Setup completed in 0.70s
2025-11-12 14:00:09,343 - src.system - INFO - [System] Starting simulation: 2025-01-01 00:00:00 to 2025-09-15 23:00:00 with controller Rule-Based (simple)
2025-11-12 14:00:09,624 - src.system - INFO - [System] Progress: 1000 steps (last 1000 steps in 0.28s, avg 0.28ms/step)
2025-11-12 14:00:09,862 - src.system - INFO - [System] Progress: 2000 steps (last 1000 steps in 0.24s, avg 0.24ms/step)
2025-11-12 14:00:10,096 - src.system - INFO - [System] Progress: 3000 steps (last 1000 steps in 0.23s, avg 0.23ms/step)
2025-11-12 14:00:10,331 - src.system - INFO - [System] Progress: 4000 steps (last 1000 steps in 0.23s, avg 0.23ms/step)
2025-11-12 14:00:10,565 - src.system - INFO - [System] Progress: 5000 steps (last 1000 steps in 0.23s, avg 0.23ms/step)
2025-11-12 14:00:10,798 - src.system - INFO - [System] Progress: 6000 steps (last 1000 steps in 0.23s, avg 0.23ms/step)
2025-11-12 14:00:11,031 - src.system - INFO - [System] Progress: 7000 steps (last 1000 steps in 0.23s, avg 0.23ms/step)
2025-11-12 14:00:11,263 - src.system - INFO - [System] Progress: 8000 steps (last 1000 steps in 0.23s, avg 0.23ms/step)
2025-11-12 14:00:11,521 - src.system - INFO - [System] Progress: 9000 steps (last 1000 steps in 0.26s, avg 0.26ms/step)
2025-11-12 14:00:11,753 - src.system - INFO - [System] Progress: 10000 steps (last 1000 steps in 0.23s, avg 0.23ms/step)
2025-11-12 14:00:11,985 - src.system - INFO - [System] Progress: 11000 steps (last 1000 steps in 0.23s, avg 0.23ms/step)
2025-11-12 14:00:12,218 - src.system - INFO - [System] Progress: 12000 steps (last 1000 steps in 0.23s, avg 0.23ms/step)
2025-11-12 14:00:12,452 - src.system - INFO - [System] Progress: 13000 steps (last 1000 steps in 0.23s, avg 0.23ms/step)
2025-11-12 14:00:12,691 - src.system - INFO - [System] Progress: 14000 steps (last 1000 steps in 0.24s, avg 0.24ms/step)
2025-11-12 14:00:12,925 - src.system - INFO - [System] Progress: 15000 steps (last 1000 steps in 0.23s, avg 0.23ms/step)
2025-11-12 14:00:13,159 - src.system - INFO - [System] Progress: 16000 steps (last 1000 steps in 0.23s, avg 0.23ms/step)
2025-11-12 14:00:13,393 - src.system - INFO - [System] Progress: 17000 steps (last 1000 steps in 0.23s, avg 0.23ms/step)
2025-11-12 14:00:13,626 - src.system - INFO - [System] Progress: 18000 steps (last 1000 steps in 0.23s, avg 0.23ms/step)
2025-11-12 14:00:13,860 - src.system - INFO - [System] Progress: 19000 steps (last 1000 steps in 0.23s, avg 0.23ms/step)
2025-11-12 14:00:14,093 - src.system - INFO - [System] Progress: 20000 steps (last 1000 steps in 0.23s, avg 0.23ms/step)
2025-11-12 14:00:14,325 - src.system - INFO - [System] Progress: 21000 steps (last 1000 steps in 0.23s, avg 0.23ms/step)
2025-11-12 14:00:14,564 - src.system - INFO - [System] Progress: 22000 steps (last 1000 steps in 0.24s, avg 0.24ms/step)
2025-11-12 14:00:14,804 - src.system - INFO - [System] Progress: 23000 steps (last 1000 steps in 0.24s, avg 0.24ms/step)
2025-11-12 14:00:15,038 - src.system - INFO - [System] Progress: 24000 steps (last 1000 steps in 0.23s, avg 0.23ms/step)
2025-11-12 14:00:15,220 - src.system - INFO - [System] Simulation complete: 24764 steps in 5.87s
2025-11-12 14:00:15,220 - src.system - INFO - [System] Step time stats - Avg: 0.24ms, Min: 0.14ms, Max: 26.17ms, P95: 0.27ms
2025-11-12 14:00:15,255 - root - INFO - [Main] Simulation completed in 5.91s
2025-11-12 14:00:19,087 - root - INFO - [Main] Total execution time: 10.44s
2025-11-12 14:05:17,613 - root - INFO - Loading configuration from: config.yaml
2025-11-12 14:05:18,381 - root - INFO - [Main] Setup completed in 0.76s
2025-11-12 14:05:18,382 - src.system - INFO - [System] Starting simulation: 2025-06-01 00:00:00 to 2025-07-01 23:00:00 with controller Rule-Based (simple)
2025-11-12 14:05:18,629 - src.system - INFO - [System] Progress: 1000 steps (last 1000 steps in 0.25s, avg 0.25ms/step)
2025-11-12 14:05:18,925 - src.system - INFO - [System] Progress: 2000 steps (last 1000 steps in 0.30s, avg 0.30ms/step)
2025-11-12 14:05:19,166 - src.system - INFO - [System] Simulation complete: 2972 steps in 0.78s
2025-11-12 14:05:19,166 - src.system - INFO - [System] Step time stats - Avg: 0.26ms, Min: 0.14ms, Max: 11.41ms, P95: 0.34ms
2025-11-12 14:05:19,172 - root - INFO - [Main] Simulation completed in 0.79s
2025-11-12 14:05:21,792 - root - INFO - [Main] Total execution time: 4.17s
2025-11-12 14:06:38,333 - root - INFO - Loading configuration from: config.yaml
2025-11-12 14:06:39,042 - root - INFO - [Main] Setup completed in 0.70s
2025-11-12 14:06:39,042 - src.system - INFO - [System] Starting simulation: 2025-06-01 00:00:00 to 2025-07-01 23:00:00 with controller Rule-Based (simple)
2025-11-12 14:06:39,279 - src.system - INFO - [System] Progress: 1000 steps (last 1000 steps in 0.24s, avg 0.24ms/step)
2025-11-12 14:06:39,515 - src.system - INFO - [System] Progress: 2000 steps (last 1000 steps in 0.24s, avg 0.24ms/step)
2025-11-12 14:06:39,744 - src.system - INFO - [System] Simulation complete: 2972 steps in 0.70s
2025-11-12 14:06:39,745 - src.system - INFO - [System] Step time stats - Avg: 0.23ms, Min: 0.14ms, Max: 0.95ms, P95: 0.28ms
2025-11-12 14:06:39,749 - root - INFO - [Main] Simulation completed in 0.71s
2025-11-12 14:06:42,319 - root - INFO - [Main] Total execution time: 3.98s
